// Jest Snapshot v1, https://goo.gl/fbAQLP

exports[`should render NotFoundPageCorrectly 1`] = `
<div>
  <h1>
    Error 404: File Not Found
  </h1>
  <button>
    <Link
      replace={false}
      to="/"
    >
      Go Home
    </Link>
  </button>
</div>
`;
